abdicate
abdomen
abduct
abide
abiding
able-bodied
able-bodied
abode1
abode2
air-bed
ambidextrous
antibody
anybody
anybody
bad
bad
bad
bad
bad
baddy
bade
bad
bad
badge
badger
badinage
bad
badly
badminton
bad-mouth
bad
bad-tempered
barbed
bd
bdellium
bid
biddable
bidding
biddy
bide
bidet
bod
bode
bodega
bodge
bodice
bodily
bodkin
body
body-blow
body-building
bodyguard
body
body
body
body
body
bodysuit
bodywork
bud
buddha
buddhism
buddleia
buddy
budge
budgerigar
budget
budgie
bunk-bed
busybody
camp-bed
carbide
charybdis
climb-down
crabbed
day-bed
deathbed
disembodied
disobedient
dogsbody
embed
embody
everybody
feather-bed
flower-bed
forbade
forbid
forbidden
forbidden
forbidding
forebode
foreboding
full-bodied
hebdomadal
hebdomadal
hebdomadal
hotbed
ibid.
imbed
lambada
lambda
law-abiding
libidinous
libido
molybdenum
morbid
nobody
obdurate
obedient
ombudsman
outbid
overbid
pay-bed
rabid
rebid
reed-bed
ribbed
roadbed
rosebud
rub-down
rubidium
seabed
seed-bed
sickbed
somebody
subdivide
subdue
sunbed
troubadour
turbid
unbidden
uncombed
underbid
undersubscribed
undisturbed
unperturbed
unplumbed
water-bed
