[]abracadabra
adobe
audible
bandbox
biddable
biodegradable
bird-bath
birdbrain
breadboard
bring-and-buy
cardboard
childbirth
cloudburst
cock-and-bull
cold-blooded
commendable
credibility
credible
dab
dabble
dabchick
db
dbs
dead-beat
deb
debacle
debag
debar
debark
debase
debatable
debate
debauch
debauchee
debauchery
debenture
debilitate
debility
debit
debonair
debouch
debrief
debris
debt
debtor
debug
debunk
debut
debutante
deed-box
dependable
dibble
dub
dubbin
dubiety
dubious
edible
expendable
feedback
formidable
gadabout
goodby
goodbye
guidebook
handbag
handball
handbell
handbill
handbook
handbrake
hard-boiled
hardback
hardbitten
hardboard
head-butt
headband
headbanger
headboard
hidebound
inaudible
incredible
indebted
indubitable
inedible
ladybird
laid-back
laudable
machine-readable
mandible
mind-blowing
mind-boggling
oddball
rag-and-bone
readable
record-breaking
red-blooded
redbreast
redbrick
reed-bed
roadbed
roadblock
sandbag
sandbank
sandblast
sandboy
second-best
seed-bed
sideboard
sideboards
sideburns
soundbox
speedboat
stand-by
standard-bearer
stud-book
threadbare
tidbit
unavoidable
unreadable
wildebeest
wind-break
windbag
windburn
woodbine
word-blindness
world-beater
would-be
