adapt
adaptor
adept
adipose
adopt
adoptive
antidepressant
avoirdupois
blood-poisoning
cardphone
codependency
codpiece
daphne
dapper
dapple
dapple-grey
deadpan
depart
departed
department
departmental
departure
depend
dependable
dependant
dependence
dependency
dependent
depict
depilate
depilatory
deplete
deplorable
deplore
deploy
depoliticize
deponent
depopulate
deport
deportee
deportment
depose
deposit
depositary
deposition
depositor
depository
depot
deprave
depravity
deprecate
depreciate
depreciation
depredation
depress
depressant
depressed
depression
depressive
deprivation
deprive
dept.
depth
depth-charge
deputation
depute
deputize
deputy
dip
dip-switch
diphtheria
diphthong
diplodocus
diploma
diplomacy
diplomat
diplomatic
diplomatist
dipole
dipper
dippy
dipso
dipsomania
dipstick
dipterous
diptych
dope
dopey
doppelgänger
doppler
dpp
dupe
duple
duplex
duplicate
duplicator
duplicity
edp
end-product
endpaper
extended-play
feldspar
gdp
godparent
godspeed
gold-plate
grandpa
grandparent
ground-plan
half-duplex
hand-pick
handspring
hard-pressed
headphones
in-depth
independent
interdepartmental
interdependent
jodhpurs
lead-poisoning
lepidopterous
loudspeaker
manic-depressive
oedipus
paedophile
paedophilia
pedophile
pedophilia
pteridophyte
readopt
record-player
redeploy
redpoll
reduplicate
sandpaper
sandpiper
sandpit
seed-pearl
seed-potato
self-deprecation
serendipity
sheep-dip
skid-pan
soundproof
standpipe
standpoint
swordplay
tadpole
unadopted
undiplomatic
windpipe
woodpecker
woodpigeon
woodpile
word-perfect
wordplay
