adieu
amateur
aneurysm
chartreuse
chauffeur
coiffeur
coleus
comeuppance
connoisseur
deuce
deus
deuterium
deutschmark
entrepreneur
eucalyptus
eucharist
eugenics
eukaryote
eulogize
eulogy
eunuch
euphemism
euphonium
euphony
euphoria
eurasian
eureka
eurodollar
european
europium
eustachian
euthanasia
exeunt
feud
feudal
feudal
fleur-de-lis
freudian
freudian
grandeur
hauteur
hereupon
heuristic
ichneumon
ileum
indo-european
leucocyte
leukaemia
leukemia
lieu
lieutenant
linoleum
liqueur
maneuver
manoeuvre
masseur
mausoleum
messeigneurs
messieurs
milieu
millefeuille
monseigneur
monsieur
museum
neural
neuralgia
neuritis
neurology
neuron
neurosis
neurosurgery
neurotic
neuter
neutral
neutralize
neutrino
neutron
nucleus
outmaneuver
outmanoeuvre
pasteurize
pentateuch
perineum
peritoneum
petroleum
petroleum
pharmaceutical
pharmaceutics
pleura
pleurisy
pneumatic
pneumoconiosis
pneumonia
poseur
prie-dieu
pseudo
pseudonym
purlieu
queue
queue-jump
raconteur
restaurateur
reunify
reunion
reunite
reupholster
reuse
rheumatic
rheumatism
rheumatoid
saboteur
schadenfreude
secateurs
seigneur
sleuth
soixante-neuf
sub-lieutenant
teuton
teutonic
therapeutic
therapeutics
thereupon
unpasteurized
voyeur
whereupon
zeugma
