about-face
aficionado
artifice
artificer
artificial
barefaced
bifocal
briefcase
calorific
certificate
chiffchaff
coalface
coefficient
confucian
cufic
deface
defecate
deficiency
deficient
deficit
desertification
difficult
difficulty
edifice
efface
efficacious
efficient
face
face-cloth
face-flannel
faceless
face-lift
face-pack
facer
facet
facetious
facia
facial
facile
facilitate
facility
facing
facsimile
faculty
fco
fecal
feces
feckless
fecund
fecundate
fiche
fickle
flag-officer
focal
focus
fortification
fuchsia
fuck
fuck-up
gentrification
golf-course
half-caste
half-crown
half-cut
honorific
horrific
identification
immunodeficiency
inefficient
insignificant
insufficient
interface
interfacing
kufic
magnificat
magnification
magnificent
microfiche
modification
moon-face
munificent
non-specific
off-centre
offcut
office
officer
official
officialese
officiate
officious
offscreen
orifice
outface
pacific
paleface
po-faced
poker-face
pontifical
pontificate
post-office
preface
proficient
prolific
qualification
ramification
reface
refocus
resurface
rfc
rock-face
sacrifice
scientific
self-catering
self-censorship
self-centered
self-centred
self-cleaning
self-conceit
self-confessed
self-confident
self-congratulatory
self-conscious
self-consistent
self-contained
self-control
self-critical
self-effacing
self-justification
self-sacrifice
self-sufficient
shamefaced
significance
significant
soporific
specific
specification
sudorific
suffice
sufficiency
sufficient
suffocate
superficial
surface
terrific
traffic
traffic-light
two-faced
typeface
undersurface
unification
unofficial
unscientific
unselfconscious
unspecific
volte-face
warrant-officer
