achilles
alcohol
alcoholic
alcoholism
anglo-catholic
anglophile
annihilate
anthill
anthology
aphelion
apocryphal
armhole
arsehole
ashlar
asphalt
asshole
athlete
athletic
athletics
awhile
bachelor
biathlon
bibliophile
birthplace
blow-hole
bolt-hole
bombshell
booking-hall
brainchild
breathalyser
breathless
brothel
bushel
buttonhole
caerphilly
catchline
catholic
cephalic
cephalopod
chalcedony
chalet
chalice
chalk
challenge
chalybeate
chelsea
chilblain
child
child-minder
childbirth
childhood
childish
childlike
chili
chill
chilli
chilly
chiltern
chinchilla
chloral
chloride
chlorinate
chlorine
chlorofluorocarbon
chloroform
chlorophyll
cholecalciferol
choler
cholera
choleric
cholesterol
chyle
coachload
conchology
cook-chill
crash-helmet
crash-land
cubby-hole
dahlia
dancehall
deathblow
deathly
decathlon
dhal
dishcloth
downhill
drosophila
dunghill
earthling
earthly
echelon
echolocation
eggshell
electroencephalogram
electroencephalograph
encephalitis
encephalogram
encephalograph
enkephalin
epithelium
erstwhile
ethyl
ethylene
exhale
exhilarate
eyehole
faithless
flash-lamp
flashlight
fleshly
flightless
fly-half
foothill
foothold
fortnightly
foxhole
freehold
freightliner
gasholder
ghillie
ghyll
glory-hole
godchild
grandchild
graphology
guildhall
haemophilia
haemophiliac
halal
halberd
halcyon
hale
half
halfpenny
halftone
halfway
halfwit
halibut
halitosis
hall
hallal
hallelujah
halliard
hallmark
hallo
halloo
hallow
halloween
hallucinate
hallucination
hallucinogen
hallway
halm
halo
halogen
halon
halt
halter
halva
halve
halves
halyard
handhold
held
hele
helical
helices
helicopter
helio
heliocentric
heliograph
heliotrope
heliport
helium
helix
hell
hell-bent
hell-fire
hell-hole
hellebore
hellene
hellenism
hellenistic
hellish
hello
helm
helmet
helmsman
helot
help
helpful
helping
helpless
helpline
helpmate
helter-skelter
hemophilia
hemophiliac
high-level
highland
highlight
highlighter
highly
highly-strung
hilarious
hill
hill-billy
hillock
hillside
hilltop
hillwalking
hilly
hilt
hold-up
hold
holdall
holding
hole
hole-and-corner
holiday
holiday-maker
holier-than-thou
holiness
holism
hollandaise
holler
hollow
holly
hollyhock
holm
holmium
holocaust
hologram
holograph
holography
hols
holster
holy
household
householder
hula
hulk
hulking
hull
hullabaloo
hullo
hydrocephalus
hydrochloric
hydrophilic
hypothalamus
inhalant
inhale
inhaler
keyhole
knot-hole
kohl
kohlrabi
leasehold
lethal
loophole
love-child
lughole
m.phil.
mahlstick
manhole
mantelshelf
marshal
marshalling
marshland
matchless
meanwhile
melancholia
melancholy
menthol
mentholated
mephistophelean
methyl
methylate
methylated
molehill
monthly
morphology
music-hall
mythology
naphthalene
narwhal
neanderthal
necrophilia
nevertheless
nightly
nihilism
non-alcoholic
nonchalant
nonetheless
nutshell
ophthalmia
ophthalmic
ophthalmology
ophthalmoscope
ornithology
overwhelm
overwhelming
paedophile
paedophilia
pamphlet
pamphleteer
parapsychology
paschal
pathological
pathology
pedophile
pedophilia
peep-hole
pentathlon
perihelion
phalanx
phallus
phil-
philadelphus
philander
philanthropy
philately
philharmonic
philippic
philistine
phillips
philo-
philodendron
philology
philosopher
philosophical
philosophize
philosophy
philter
philtre
phlebitis
phlegm
phlegmatic
phloem
phlox
phylactery
phyllo
phylum
pigeon-hole
pinhole
pitchblende
plug-hole
policyholder
polyethylene
porthole
pothole
prophylactic
prophylaxis
psephology
psychological
psychology
psychopathology
punch-line
record-holder
reupholster
richly
rightly
road-holding
roughly
rushlight
ruthless
satchel
schlock
scholar
scholarship
scholastic
scholasticism
schoolchild
scrum-half
searchlight
seashell
self-help
seneschal
shale
shall
shallot
shallow
shalom
shalt
shareholder
shelduck
shelf
shelf-life
shelf-mark
shell
shell-shock
shellac
shelled
shellfish
shelta
shelter
shelve
shelves
shillelagh
shilling
shilly-shally
shove-halfpenny
shylock
sightless
sightly
singhalese
sinhalese
smallholder
smallholding
speechless
spine-chiller
sprightly
spyhole
stakeholder
stallholder
staphylococcus
stepchild
stockholder
stokehold
stokehole
stranglehold
stronghold
suchlike
swahili
syphilis
thalidomide
thallium
thole
thoughtless
threshold
thulium
title-holder
toad-in-the-hole
toe-hold
torchlight
tortoiseshell
touch-line
triathlon
trichology
triumphalism
twopenny-halfpenny
unchallengeable
unchallenged
underwhelm
unearthly
unhallowed
unhelpful
unholy
unsightly
unwholesome
uphill
uphold
upholster
upholsterer
upholstery
water-hole
watering-hole
weightless
weightlifting
whale
whale-oil
whalebone
whaler
whelk
whelm
whelp
wherewithal
while
whilst
whole
wholefood
wholegrain
wholehearted
wholemeal
wholesale
wholesome
wholewheat
wholism
wholly
withhold
workaholic
worm-hole
worthless
worthwhile
