akela
alkali
alkalinity
alkaloid
ankle
anklet
ankylosis
backcloth
backlash
backlist
backlog
backslide
bakelite
baklava
blackfly
blacklead
blackleg
blacklist
booklet
bricklayer
buckle
buckler
cackle
chuckle
cockle
crackle
crackling
crinkle
crinkle-cut
cuckold
cupro-nickel
duckling
feckless
fickle
folklore
fork-lift
freckle
hackle
heckle
helter-skelter
heckle
helter-skelter
heckle
helter-skelter
honeysuckle
huckleberry
inkling
jackal
jekyll
kalashnikov
kale
kaleidoscope
kalends
kaleyard
karakul
kelp
kelpie
kelson
kelt
kelt
kelter
kelvin
kelvin
kill
killer
killer
killer
killing
killjoy
kiln
kilo
kilo-
kilobyte
kilocalorie
kilocycle
kilogram
kilohertz
kilojoule
kiloliter
kilolitre
kilometer
kilometre
kiloton
kilovolt
kilowatt
kilowatt-hour
kilt
kilter
kl
klaxon
kleenex
kleptomania
knuckle
knuckleduster
knuckle
kola
kolkhoz
kyle
lackluster
lacklustre
lady-killer
likelihood
likely
limekiln
luckless
metre-kilogram-second
metre-kilogram-second
mickle
muckle
necklace
neckline
nickel
nickel
nickel
numskull
overkill
painkiller
parkland
peak-load
periwinkle1
periwinkle2
pickle
prickle
prickly
prickly
prickly
pumpernickel
quicklime
ramshackle
rankle
reckless
rib-tickler
sackcloth
seakale
semi-skilled
shackle
shekel
sickle
sick-leave
sickle-cell
sickly
skeleton
skeleton
skeleton
skilful
skill
skilled
skillet
skillful
skulduggery
skulk
skull
skull
skullcap
skylark
skylight
skyline
smokeless
smokeless
snorkel
sparkle
sparkler
speckle
sprinkle
sprinkler
sprinkling
stickleback
stickler
suckle
suckling
swashbuckler
tackle
tackle-block
thankless
tickle
ticklish
tinkle
trickle
trickle
truckle
turn-buckle
twinkle
ukulele
unbuckle
unlikely
unshackle
unskilful
unskilled
unskillful
wankel
weakling
weakly
weed-killer
weekly
winkle
winkle-picker
workload
workplace
wrinkle
wrinkly
wrinkle
wrinkly
yokel
