ankle
anklet
ankylosis
anti-tank
bank
banknote
bankrupt
banksia
blank
blanket
blink
blinker
blinking
bonk
bonkers
brink
brinkmanship
bunk-bed
bunk1
bunk2
bunk3
bunker
bunkum
canker
cantankerous
chink
chink1
chink2
chipmunk
chunk
chunky
clank
clink1
clink2
clinker
clinker-built
clonk
clunk
conk1
conk2
conker
countersink
crank
crankcase
crankpin
crankshaft
cranky
crinkle
crinkle-cut
cuff-link
cyberpunk
dank
debunk
die-sinker
dinkum
dinky
donkey
donkey-work
double-think
drank
drink
drunk
drunkard
drunken
dunk
embankment
enkephalin
enkindle
flank
flunk
flunkey
fog-bank
frank
frankenstein
frankfurter
frankincense
freethinker
funk
funky
gangplank
ginkgo
hank
hanker
hanky
hanky-panky
headshrinker
high-ranking
honk
honky-tonk
hoodwink
humankind
hunk
hunky-dory
ice-rink
index-linked
ink
ink-well
inkling
inkstand
inky
innkeeper
interlink
jink
junk
junk
junket
junkie
kink
kinky
lank
lanky
link
link-up
linkage
linkman
links
mankind
manky
methinks
mink
monk
monkey
monkey-nut
monkey-puzzle
monkshood
mountebank
non-drinker
outflank
outrank
painkiller
penknife
periwinkle1
periwinkle2
pink
pinking
pinko
plank
planking
plankton
plonk
plonker
point-blank
prank
prankster
preshrunk
prink
punch-drunk
punk
punkah
rank
rankle
redshank
rethink
rink
sandbank
sank
shank
sheepshank
shrank
shrink
shrink-wrap
shrinkage
shrunk
sink
sinker
sinking
skunk
slink
slinky
slunk
spank
spanker
spanking
sprinkle
sprinkler
sprinkling
spunk
spunky
stank
stink
stinker
stinking
stonker
stunk
sunk
sunken
supertanker
swank
tank
tankard
tanked
tanker
thank
thankful
thankfully
thankless
thanksgiving
think
think-tank
thinker
thinking
tiddly-wink
tinker
tinkle
trinket
trunk
turnkey
twinkle
unblinking
undrinkable
unkempt
unkind
unknot
unknowable
unknowing
unknown
unshrinking
unsinkable
unthinkable
unthinking
unwinking
wank
wankel
wanker
wink
winkle
winkle-picker
womankind
womenkind
wonky
wrinkle
wrinkly
yank
yankee
yonks
zonked
junk
