antipodes
arthropod
bicuspid
biped
centipede
cephalopod
chiropody
clamp-down
clapped
cramped
decapod
dilapidated
dog-paddle
doggy-paddle
drip-dry
encyclopedia
encyclopedic
epidemic
epidemiology
epidermis
epidiascope
epidural
escapade
espadrille
expedient
expedite
expedition
expeditionary
expeditious
felt-tipped
flapdoodle
footpad
gasteropod
gastropod
handicapped
hippodrome
hodgepodge
hyped
hypodermic
impedance
impede
impediment
impedimenta
impudent
inexpedient
insipid
intrepid
jumped-up
keypad
kidney-shaped
lap-dog
lapidary
lepidopterous
limpid
lipid
liverpudlian
millepede
millipede
moped
orthopedics
pad
padded
padding
paddle-boat
paddle-wheel
paddle
paddock
paddy
padlock
padre
parallelepiped
pease-pudding
pedagogue
pedagogy
pedal
pedalo
pedant
peddle
peddler
pederast
pederasty
pedestal
pedestrian
pediatrics
pedicure
pedigree
pediment
pedlar
pedometer
pedophile
pedophilia
peduncle
piddle
pidgin
pipedream
pod
podium
popadam
poppadam
pud
pudding
puddle
pudendum
quadruped
rapid
repudiate
sheep-dip
sheepdog
shoulder-pad
slapdash
slipped
snapdragon
spade
spadework
sped
spider
spidery
spud
stamp-duty
stampede
stepdaughter
striped
stupid
tap-dance
tepid
tight-lipped
top-dress
torpedo
torpedo-boat
torpid
trapdoor
trepidation
tripod
uncapped
underdeveloped
undeveloped
unhoped-for
unimpeded
untapped
update
vapid
