abrupt
absorption
accept
acceptable
acceptance
adapt
adaptor
adept
adopt
adoptive
anabaptist
antiseptic
apt
aptitude
archaeopteryx
assumption
attempt
bankrupt
baptism
baptist
baptistery
baptize
bumptious
captain
caption
captious
captivate
captive
captor
capture
chapter
claptrap
co-opt
coleopteron
comptroller
concept
conception
conceptual
conceptualize
conscript
consumptive
contempt
contemptible
contemptuous
contraception
contraceptive
contraption
copt
coptic
corrupt
crept
crypt
cryptic
cryptogam
cryptogram
cryptography
deception
deceptive
depth
depth-charge
description
descriptive
diopter
dioptre
dipterous
diptych
disrupt
ecliptic
egyptian
egyptology
elliptic
empty
empty-handed
empty-headed
enrapture
epileptic
erupt
eucalyptus
except
excepting
exception
exceptionable
exceptional
excerpt
exempt
gumption
helicopter
hemipterous
hepta-
heptagon
hymenopterous
imperceptible
impromptu
in-depth
inapt
inception
inceptive
incorruptible
inept
inscription
insusceptible
intercept
interrupt
interrupter
irrupt
kept
kleptomania
krypton
laptop
lepidopterous
manuscript
neptunium
nondescript
nuptial
opt
optative
optic
optical
optician
optics
optimal
optimism
optimize
optimum
option
optional
peptic
peptide
perceptible
perception
perceptive
peremptory
postscript
pre-empt
pre-emption
pre-emptive
precept
preceptor
preconception
prescript
prescription
prescriptive
presumption
presumptive
presumptuous
prompt
prompter
ptarmigan
pteridophyte
pterodactyl
pterosaur
ptolemaic
ptomaine
rapt
rapture
readopt
recapture
receipt
receptacle
reception
receptionist
receptive
redemption
reptile
rescript
resumption
rupture
scepter
sceptic
sceptical
sceptre
script
scripture
scriptwriter
scrumptious
sculpt
sculptor
sculpture
self-absorption
self-deception
sept
september
septennial
septet
septic
septicaemia
septicemia
septuagenarian
septuagesima
septuagint
septum
septuple
skeptic
skeptical
slept
streptococcus
streptomycin
striptease
styptic
subscript
subscription
sumptuary
sumptuous
superscript
surreptitious
susceptibility
susceptible
swept
symptom
synoptic
teleprompter
tempt
temptation
tempting
tiptoe
tiptop
transcript
transept
triptych
typescript
umpteen
unacceptable
unadopted
unexceptionable
unexceptional
uninterrupted
unkempt
unprompted
unscripted
unswept
upswept
uptake
upthrust
uptight
uptown
upturn
voluptuary
voluptuous
well-kept
wept
windswept
consumption
