abscess
acquiesce
adolescent
airscrew
alfresco
ambuscade
arborescent
archiepiscopal
arteriosclerosis
ascend
ascendancy
ascendant
ascension
ascent
ascertain
ascetic
ascii
ascorbic
ascribe
atherosclerosis
auscultation
bathyscaphe
biscuit
boarding-school
bortsch
butterscotch
cardiovascular
cascade
cascara
chiaroscuro
circumscribe
class-conscious
coal-scuttle
coalesce
cockscomb
cognoscente
colposcopy
concupiscence
condescend
confiscate
conscience
conscience-stricken
conscientious
conscious
conscript
convalesce
convalescent
corkscrew
corpuscle
coruscate
couscous
crepuscular
crescendo
crescent
damascene
day-school
de-escalate
decrescendo
dehisce
deliquesce
descale
descant
descend
descendant
descent
describe
description
descriptive
descry
deutschmark
disc
discard
discern
discerning
discharge
disciple
disciplinarian
disciplinary
discipline
disclaim
disclaimer
disclose
disco
discolor
discolour
discomfit
discomfort
discompose
disconcert
disconnect
disconnected
disconsolate
discontent
discontinue
discontinuous
discord
discordant
discothèque
discount
discountenance
discourage
discourse
discourteous
discover
discovery
discredit
discreditable
discreet
discrepancy
discrete
discretion
discriminate
discriminating
discrimination
discursive
discus
discuss
effervesce
effloresce
electroscope
emasculate
endoscope
ensconce
epidiascope
episcopacy
episcopal
episcopalian
episcopate
escalate
escalator
escalope
escapade
escape
escapee
escapement
escapism
escapology
escarpment
eschatology
escheat
eschew
escort
escritoire
escudo
escutcheon
etruscan
evanesce
evanescent
eviscerate
excrescence
fasces
fascia
fascicle
fascinate
fascism
fescue
festschrift
fiasco
finishing-school
fire-escape
fire-screen
fiscal
fluoresce
fluorescence
fluorescent
foolscap
franciscan
fresco
full-scale
gyroscope
harum-scarum
headscarf
hibiscus
hopscotch
horoscope
hygroscope
hygroscopic
hyoscine
immiscible
incandesce
incandescent
indescribable
indiscernible
indiscipline
indiscreet
indiscretion
indiscriminate
inescapable
inflorescence
inscribe
inscription
inscrutable
insusceptible
interdisciplinary
intramuscular
irascible
iridescent
isosceles
kaleidoscope
kirsch
kitsch
landscape
large-scale
lascivious
lobscouse
luminescence
luscious
macroscopic
manuscript
maraschino
mascara
mascot
masculine
meerschaum
meniscus
mescal
mescaline
microscope
microscopic
microscopy
minuscule
misc
miscalculate
miscarriage
miscarry
miscast
miscegenation
miscellaneous
miscellany
mischance
mischief
mischievous
miscible
misconceive
misconduct
misconstrue
miscopy
miscount
miscreant
mollusc
moonscape
muscadet
muscat
muscatel
muscle
muscle-bound
muscle-man
muscovite
muscovy
muscular
musculature
nascent
nescient
newscast
newscaster
nondescript
obfuscate
obscene
obscurantism
obscure
obsolescent
offscreen
omniscient
onscreen
opalescent
ophthalmoscope
oscar
oscillate
oscilloscope
oversubscribe
parascending
pascal
paschal
periscope
phosphorescence
piscatorial
pisces
piscina
plebiscite
postscript
preschool
prescient
prescribe
prescript
prescription
prescriptive
proboscis
promiscuous
proscenium
proscribe
pubescence
putrescent
putsch
quiescent
radioscopy
rapscallion
rascal
recrudesce
rediscover
reminisce
reminiscence
reminiscent
renascent
reschedule
rescind
rescript
rescue
resuscitate
riding-school
rood-screen
rorschach
rsc
sansculotte
scab
scabbard
scabies
scabious
scabrous
scaffold
scaffolding
scalar
scalawag
scald
scale1
scale2
scale3
scalene
scallion
scallop
scallywag
scalp
scalpel
scam
scamp
scamper
scampi
scan
scandal
scandalize
scandalmonger
scandinavian
scandium
scanner
scansion
scant
scanty
scapegoat
scapula
scapular
scar1
scar2
scarab
scarce
scarcely
scarcity
scare
scarecrow
scaremonger
scarf
scarify
scarlatina
scarlet
scarp
scarper
scarves
scary
scat1
scat2
scathing
scatology
scatter
scatterbrain
scatty
scaur
scavenge
scavenger
sce
scenario
scene
scene-shifter
scenery
scenic
scent
scepter
sceptic
sceptical
sceptre
schadenfreude
schedule
scheduled
schema
schematic
schematize
scheme
scherzo
schism
schist
schizo
schizoid
schizophrenia
schlock
schmaltz
schmuck
schnapps
schnitzel
scholar
scholarship
scholastic
scholasticism
school
school-leaver
school
schoolboy
schoolchild
schoolgirl
schoolhouse
schooling
schoolmaster
schoolmistress
schoolroom
schoolteacher
schooner
schottische
sci-fi
sciatic
sciatica
science
scientific
scientist
scientology
scilicet
scimitar
scintilla
scintillate
scion
scirocco
scissors
sclerosis
scoff
scold
scollop
sconce
scone
scoop
scoot
scooter
scope
scorbutic
scorch
scorched
scorcher
score
score-book
scoreboard
scoria
scorn
scornful
scorpio
scorpion
scot
scot-free
scotch
scots
scotsman
scottie
scottish
scoundrel
scour1
scour2
scourge
scouse
scout
scouter
scoutmaster
scow
scowl
scrabble
scrag
scraggy
scram
scramble
scrambler
scrap
scrap1
scrap2
scrapbook
scrape
scraper
scrapie
scraping
scrappy
scrapyard
scratch
scratchy
scrawl
scrawny
scream
scree
screech
screech-owl
screed
screen
screenplay
screenwriter
screw
screw-up
screwball
screwdriver
screwy
scribble
scribe
scrim
scrimmage
scrimp
scrip
script
scripture
scriptwriter
scrivener
scrofula
scroll
scrolled
scrooge
scrotum
scrounge
scrub1
scrub2
scrubber
scruff1
scruff2
scruffy
scrum
scrum-half
scrummage
scrump
scrumptious
scrumpy
scrunch
scruple
scrupulous
scrutineer
scrutinize
scrutiny
scuba
scuba-diving
scud
scuff
scuffle
scull
sculler
scullery
scullion
sculpt
sculptor
sculpture
scum
scumbag
scupper
scurf
scurrilous
scurry
scurvy
scut
scutter
scuttle
scylla
scythe
seascape
self-conscious
self-discipline
self-discovery
semi-conscious
senescent
seneschal
sight-screen
silk-screen
skyscraper
small-scale
smokescreen
spectroscope
split-screen
stereoscope
stethoscope
stroboscope
subconscious
subfusc
submicroscopic
subscribe
subscriber
subscript
subscription
superscript
susceptibility
susceptible
tabasco
talent-scout
telescope
telescopic
threescore
thumbscrew
townscape
tradescantia
transceiver
transcend
transcendent
transcendental
transcendentalism
transcontinental
transcribe
transcript
tumescent
turgescent
tuscan
typescript
ultramicroscopic
unconscionable
unconscious
underscore
undersubscribed
undescended
undisciplined
undisclosed
undiscovered
undiscriminating
unesco
unscalable
unscarred
unscathed
unscheduled
unschooled
unscientific
unscramble
unscreened
unscrew
unscripted
unscrupulous
unselfconscious
vascular
videodisc
viscera
visceral
viscid
viscose
viscount
viscountess
viscous
wainscot
wainscoting
water-biscuit
windscreen
dame-school
