acceptable
accountable
antibiotic
antibody
autobahn
autobiography
ballot-box
basketball
bootblack
bran-tub
breastbone
cantab
cantabile
cantabrigian
card-table
carpet-bag
carpet-bagger
catabolism
charitable
circuit-breaker
coffee-table
collectable
combustible
comestibles
comfortable
compatible
constable
constabulary
contemptible
contractable
contractible
convertible
countable
creditable
cut-back
dartboard
database
datable
deathbed
deathblow
debatable
deductible
delectable
destabilize
destructible
detestable
discreditable
disestablish
disputable
disreputable
draughtboard
dressing-table
dustbin
earthbound
eastbound
eatable
entablature
equitable
establish
established
establishment
excitable
extraditable
fastback
first-born
football
footbrake
footbridge
front-bencher
frostbite
habitable
hartebeest
hatband
hatbox
heartbeat
heartbreak
heartburn
hereditable
heritable
hospitable
hot-blooded
hotbed
immutable
imperceptible
incombustible
incompatible
incontestable
incontrovertible
incorruptible
indestructible
indictable
indigestible
indisputable
indomitable
indubitable
ineluctable
inequitable
inevitable
inexhaustible
inflatable
inhospitable
inimitable
inscrutable
instability
insupportable
insurmountable
insusceptible
intractable
invertebrate
irrefutable
irresistible
irritable
kitbag
lamentable
light-bulb
marketable
meatball
merchantable
metabolism
metabolite
metabolize
mothball
mountebank
mutable
netball
next-best
nightbird
northbound
notable
notebook
outback
outbalance
outbid
outboard
outbreak
outbuilding
outburst
paintbox
paintbrush
palatable
pasteboard
peatbog
perceptible
pin-table
pocketbook
point-blank
portable
postbag
postbox
pot-belly
pot-boiler
pot-bound
potable
predictable
presentable
profitable
protuberant
quotable
ratable
ratbag
ratsbane
re-establish
redoubtable
regrettable
rent-boy
reputable
respectable
roustabout
seat-belt
set-back
shortbread
skateboard
soft-boiled
softball
southbound
stab
stability
stabilize
stabilizer
stable
stable-companion
stabling
stub
stubble
stubborn
stubby
suggestible
suitable
susceptibility
susceptible
sweat-band
sweet-brier
sweetbread
t-bone
tab
tabard
tabasco
tabby
tabernacle
tabla
table
tableau
tablecloth
tableland
tablespoon
tablet
tabletop
tableware
tabloid
taboo
tabor
tabu
tabular
tabulate
tabulator
tax-deductible
tb
tbsp.
test-tube
textbook
tibia
tidetable
timetable
titbit
tobacco
tobacconist
toboggan
toby
toothbrush
tractable
tub
tub-thumper
tuba
tubby
tube
tuber
tubercle
tubercular
tuberculin
tuberculin-tested
tuberculosis
tuberose
tuberous
tubing
tubular
tubule
turntable
unacceptable
unaccountable
unattributable
unbeatable
uncharitable
uncomfortable
uncountable
undetectable
uneatable
unforgettable
uninhabitable
unpalatable
unpredictable
unprintable
unprofitable
unrepeatable
unstable
unsuitable
untranslatable
unwarrantable
vegetable
veritable
vertebra
vertebrate
vestibule
waistband
westbound
whitebait
