-esque
accrue
affluent
ague
amanuensis
analogue
antique
aqueduct
aqueous
arabesque
argue
autocue
avenue
baguette
banquet
banquette
barbecue
baroque
barque
basque
bezique
bisque1
bisque2
bisque3
blue
blue-collar
blue-eyed
blue-pencil
bluebell
blueberry
bluebottle
bluegrass
blueprint
blues
bluestocking
bouquet
boutique
briquette
brogue1
brogue2
brusque
burlesque
catafalque
catalogue
cheque
cheque-book
chequer
chopsuey
cinque
cinquefoil
claque
clique
clue
clueless
colleague
confluence
confluent
congruent
conquer
conquest
consequence
consequent
consequential
consequently
constituency
constituent
construe
continue
coquette
critique
croquet
croquette
cross-question
cruel
cruet
cue-ball
cue
curlicue
daguerreotype
decalogue
delinquent
deliquesce
demagogue
dengue
denouement
desuetude
devalue
dialogue
diminuendo
discontinue
discothèque
due
duel
duenna
duet
duologue
eclogue
effluence
effluent
eloquence
eloquent
endue
ensue
epilogue
equerry
equestrian
evacuee
exchequer
fatigue
fescue
flue
fluent
fondue
frequency
frequent
frequentative
fuehrer
fuel
fugue
gangue
glue
glue-sniffing
grandiloquent
grotesque
gruel
grueling
gruelling
gruesome
guelder
guernsey
guerrilla
guess
guesswork
guest
guest-house
guestimate
harangue
hue
huguenot
humoresque
ideologue
imbue
inconsequent
inconsequential
indue
influence
influential
influenza
infrequent
ingénue
innuendo
inquest
intrigue
issue
kafkaesque
lacquer
league
liquefy
liqueur
macaque
maquette
marguerite
marque
marquee
marquess
marquetry
masque
masquerade
meringue
minuet
misconstrue
monologue
moquette
morgue
mosque
muesli
muezzin
mystique
oblique
opaque
overdue
parquet
parquetry
pasque-flower
pedagogue
physique
picaresque
picturesque
pipsqueak
pique
piquet
pirouette
plague
plaque
portuguese
prologue
prorogue
puerile
puerperal
pursue
queasy
queen
queen-anne
queen-post
queensberry
queer
quell
quench
quern
querulous
query
quest
question
question-master
questionable
questionnaire
queue
queue-jump
quinquennial
quinquereme
racquet
reconquer
refuel
reissue
request
rescue
residue
retinue
revalue
revenue
revue
rogue
roguery
rogues
romanesque
roquefort
rue
rueful
sauerkraut
second-guess
sequel
sequence
sequencer
sequential
sequester
sequestrate
silhouette
slue
smooth-tongued
sobriquet
soubriquet
spue
squeak
squeaky
squeal
squeamish
squeegee
squeeze
squeeze-box
squelch
statue
statuesque
statuette
subdue
subsequent
sue
suede
suet
superglue
synagogue
technique
tissue
tissue-paper
toluene
tongue
tongue-and-groove
tongue-in-cheek
tongue-tie
tongue-tied
tongue-twister
toque
torque
tourniquet
travelogue
trinitrotoluene
true
true-blue
true-love
tues
tuesday
uefa
unconquerable
undervalue
undue
unfrequented
unguent
unique
unquenchable
unquestionable
unquestioned
unquestioning
untrue
vague
value
venue
virtue
vogue
etiquette
